---
http_interactions:
- request:
    method: get
    uri: https://file-manager-tests.s3.us-west-2.amazonaws.com/not_saved
    body:
      encoding: UTF-8
      string: ''
    headers:
      Content-Type:
      - ''
      Accept-Encoding:
      - ''
      User-Agent:
      - aws-sdk-ruby3/3.109.2 ruby/2.5.3 x86_64-linux aws-sdk-s3/1.84.1
      Host:
      - file-manager-tests.s3.us-west-2.amazonaws.com
      X-Amz-Date:
      - 20201111T144014Z
      X-Amz-Content-Sha256:
      - e3b0c44298fc1c149afbf4c8996fb92427ae41e4649b934ca495991b7852b855
      Authorization:
      - AWS4-HMAC-SHA256 Credential=AKIAJ73G6IOWSUPCKP5A/20201111/us-west-2/s3/aws4_request,
        SignedHeaders=host;user-agent;x-amz-content-sha256;x-amz-date, Signature=ead19690d8b72003b02fdbccaeab83ae82230a21a143c0cddefac260d5965aee
      Content-Length:
      - '0'
      Accept:
      - "*/*"
  response:
    status:
      code: 404
      message: Not Found
    headers:
      X-Amz-Request-Id:
      - 4F14D49CEB989739
      X-Amz-Id-2:
      - mT2NZVPcJxsyCBVVfo3yUj6XJwnIIaVFvLJuw1Z0Q6tEZ1uJZKA+L91YEcNGeUQlI/OisD1yb/4=
      Content-Type:
      - application/xml
      Transfer-Encoding:
      - chunked
      Date:
      - Wed, 11 Nov 2020 14:40:14 GMT
      Server:
      - AmazonS3
    body:
      encoding: UTF-8
      string: |-
        <?xml version="1.0" encoding="UTF-8"?>
        <Error><Code>NoSuchKey</Code><Message>The specified key does not exist.</Message><Key>not_saved</Key><RequestId>4F14D49CEB989739</RequestId><HostId>mT2NZVPcJxsyCBVVfo3yUj6XJwnIIaVFvLJuw1Z0Q6tEZ1uJZKA+L91YEcNGeUQlI/OisD1yb/4=</HostId></Error>
  recorded_at: Wed, 11 Nov 2020 14:40:15 GMT
- request:
    method: put
    uri: https://file-manager-tests.s3.us-west-2.amazonaws.com/saved
    body:
      encoding: UTF-8
      string: content
    headers:
      Content-Type:
      - ''
      Accept-Encoding:
      - ''
      User-Agent:
      - aws-sdk-ruby3/3.109.2 ruby/2.5.3 x86_64-linux aws-sdk-s3/1.84.1
      Expect:
      - 100-continue
      Content-Md5:
      - mgNkuembtIDdJeHwKEyFVQ==
      Host:
      - file-manager-tests.s3.us-west-2.amazonaws.com
      X-Amz-Date:
      - 20201111T144015Z
      X-Amz-Content-Sha256:
      - ed7002b439e9ac845f22357d822bac1444730fbdb6016d3ec9432297b9ec9f73
      Authorization:
      - AWS4-HMAC-SHA256 Credential=AKIAJ73G6IOWSUPCKP5A/20201111/us-west-2/s3/aws4_request,
        SignedHeaders=content-md5;host;user-agent;x-amz-content-sha256;x-amz-date,
        Signature=e8f0c05ec64c4fbf4d71ebf5ec5b6245be595562de95174b8794c371962cd4b4
      Content-Length:
      - '7'
      Accept:
      - "*/*"
  response:
    status:
      code: 200
      message: OK
    headers:
      X-Amz-Id-2:
      - iA1oz6Ph0Y8SyTO3rbsf2qlR5pb4vnM5TJfB+hFMyRWuaal3hNclzvidGRTw8UetgEJTrtDwh0E=
      X-Amz-Request-Id:
      - 6E0D58751BE9F7D1
      Date:
      - Wed, 11 Nov 2020 14:40:16 GMT
      Etag:
      - '"9a0364b9e99bb480dd25e1f0284c8555"'
      Content-Length:
      - '0'
      Server:
      - AmazonS3
    body:
      encoding: UTF-8
      string: ''
  recorded_at: Wed, 11 Nov 2020 14:40:16 GMT
- request:
    method: get
    uri: https://file-manager-tests.s3.us-west-2.amazonaws.com/saved
    body:
      encoding: UTF-8
      string: ''
    headers:
      Content-Type:
      - ''
      Accept-Encoding:
      - ''
      User-Agent:
      - aws-sdk-ruby3/3.109.2 ruby/2.5.3 x86_64-linux aws-sdk-s3/1.84.1
      Host:
      - file-manager-tests.s3.us-west-2.amazonaws.com
      X-Amz-Date:
      - 20201111T144016Z
      X-Amz-Content-Sha256:
      - e3b0c44298fc1c149afbf4c8996fb92427ae41e4649b934ca495991b7852b855
      Authorization:
      - AWS4-HMAC-SHA256 Credential=AKIAJ73G6IOWSUPCKP5A/20201111/us-west-2/s3/aws4_request,
        SignedHeaders=host;user-agent;x-amz-content-sha256;x-amz-date, Signature=be32c1592cda7c1d23ade651400f728be25f325d10206f3a51d146bcbcf23e93
      Content-Length:
      - '0'
      Accept:
      - "*/*"
  response:
    status:
      code: 200
      message: OK
    headers:
      X-Amz-Id-2:
      - mZUW9T1+HF/HStzW1a9Mrm6XK+taiAro2YQkD3Ng/YlH048d4yWiQD2sMYcNyOdWeQImqUhhwuE=
      X-Amz-Request-Id:
      - 9J7HCV5N9XEV4MBR
      Date:
      - Wed, 11 Nov 2020 14:40:17 GMT
      Last-Modified:
      - Wed, 11 Nov 2020 14:40:16 GMT
      Etag:
      - '"9a0364b9e99bb480dd25e1f0284c8555"'
      Accept-Ranges:
      - bytes
      Content-Type:
      - ''
      Content-Length:
      - '7'
      Server:
      - AmazonS3
    body:
      encoding: UTF-8
      string: content
  recorded_at: Wed, 11 Nov 2020 14:40:17 GMT
- request:
    method: delete
    uri: https://file-manager-tests.s3.us-west-2.amazonaws.com/saved
    body:
      encoding: UTF-8
      string: ''
    headers:
      Content-Type:
      - ''
      Accept-Encoding:
      - ''
      User-Agent:
      - aws-sdk-ruby3/3.109.2 ruby/2.5.3 x86_64-linux aws-sdk-s3/1.84.1
      Host:
      - file-manager-tests.s3.us-west-2.amazonaws.com
      X-Amz-Date:
      - 20201111T144017Z
      X-Amz-Content-Sha256:
      - e3b0c44298fc1c149afbf4c8996fb92427ae41e4649b934ca495991b7852b855
      Authorization:
      - AWS4-HMAC-SHA256 Credential=AKIAJ73G6IOWSUPCKP5A/20201111/us-west-2/s3/aws4_request,
        SignedHeaders=host;user-agent;x-amz-content-sha256;x-amz-date, Signature=3279b0301a89de8e728ecf06122189cc2e03cdb4e933c0762801af13ce0f2652
      Content-Length:
      - '0'
      Accept:
      - "*/*"
  response:
    status:
      code: 204
      message: No Content
    headers:
      X-Amz-Id-2:
      - EO5tHeO7RyT+TbUNVNo230LSzprHxxT3tkE5W1JupkIL95COL5FX84XiQD+W6dKimGsJ4L9aHbE=
      X-Amz-Request-Id:
      - '082DB7C8D988F8E6'
      Date:
      - Wed, 11 Nov 2020 14:40:18 GMT
      Server:
      - AmazonS3
    body:
      encoding: UTF-8
      string: ''
  recorded_at: Wed, 11 Nov 2020 14:40:17 GMT
- request:
    method: get
    uri: https://file-manager-tests.s3.us-west-2.amazonaws.com/saved
    body:
      encoding: UTF-8
      string: ''
    headers:
      Content-Type:
      - ''
      Accept-Encoding:
      - ''
      User-Agent:
      - aws-sdk-ruby3/3.109.2 ruby/2.5.3 x86_64-linux aws-sdk-s3/1.84.1
      Host:
      - file-manager-tests.s3.us-west-2.amazonaws.com
      X-Amz-Date:
      - 20201111T144017Z
      X-Amz-Content-Sha256:
      - e3b0c44298fc1c149afbf4c8996fb92427ae41e4649b934ca495991b7852b855
      Authorization:
      - AWS4-HMAC-SHA256 Credential=AKIAJ73G6IOWSUPCKP5A/20201111/us-west-2/s3/aws4_request,
        SignedHeaders=host;user-agent;x-amz-content-sha256;x-amz-date, Signature=8b45326631633039dbb18aea923774dea6870edc092a50962b796f690cf4aca1
      Content-Length:
      - '0'
      Accept:
      - "*/*"
  response:
    status:
      code: 404
      message: Not Found
    headers:
      X-Amz-Request-Id:
      - 297314E7C5CD1FD8
      X-Amz-Id-2:
      - A3nA64fZQXzpiMhgwR5WoG0qPHgvDmj5GdZxUNF8sYmG9bi5exMCtlLzyMPVHPgzdoguI2ngV4s=
      Content-Type:
      - application/xml
      Transfer-Encoding:
      - chunked
      Date:
      - Wed, 11 Nov 2020 14:40:17 GMT
      Server:
      - AmazonS3
    body:
      encoding: UTF-8
      string: |-
        <?xml version="1.0" encoding="UTF-8"?>
        <Error><Code>NoSuchKey</Code><Message>The specified key does not exist.</Message><Key>saved</Key><RequestId>297314E7C5CD1FD8</RequestId><HostId>A3nA64fZQXzpiMhgwR5WoG0qPHgvDmj5GdZxUNF8sYmG9bi5exMCtlLzyMPVHPgzdoguI2ngV4s=</HostId></Error>
  recorded_at: Wed, 11 Nov 2020 14:40:18 GMT
recorded_with: VCR 6.0.0
